==========================================================
C:.\MAIN.X
==========================================================
exec			 : 000000b4
text			 : 00000000 - 00000fbf (00000fc0)
data			 : 00000fc0 - 000012bf (00000300)
bss			 : 000012c0 - 0000137f (000000c0)
common			 : 00001380 - 0000179d (0000041e)
stack			 : 0000179e - 00001ddd (00000640)
rdata			 : 
rbss			 : 
rcommon			 : 
rstack			 : 
rldata			 : 
rlbss			 : 
rlcommon		 : 
rlstack			 : 


==========================================================
_build/m68000/main.o
==========================================================
align			 : 00000040
text			 : 00000000 - 00000061 (00000062)
data			 : 00000fc0 - 00001297 (000002d8)
bss			 : 
stack			 : 
-------------------------- xref --------------------------
__main			 : in __MAIN.O	(_build/m68000/CLIB.L)
_CRTMOD			 : in CRTMOD.O	(_build/m68000/IOCSLIB.L)
_TPALET			 : in TPALET.O	(_build/m68000/IOCSLIB.L)
_puts			 : in PUTS.O	(_build/m68000/CLIB.L)
__iob			 : in __MAIN.O	(_build/m68000/CLIB.L)
_fputs			 : in FPUTS.O	(_build/m68000/CLIB.L)
_INPOUT			 : in DOS06.O	(_build/m68000/DOSLIB.L)
-------------------------- xdef --------------------------
_main			 : 00000000 (text   )


==========================================================
__MAIN.O	(_build/m68000/CLIB.L)
==========================================================
align			 : 00000002
text			 : 00000062 - 00000545 (000004e4)
data			 : 
bss			 : 
stack			 : 000017c0 - 00001de7 (00000628)
-------------------------- xref --------------------------
_errno			 : in __MAIN.O	(_build/m68000/CLIB.L)
__doserrno		 : in __MAIN.O	(_build/m68000/CLIB.L)
startclock		 : in __MAIN.O	(_build/m68000/CLIB.L)
__iob			 : in __MAIN.O	(_build/m68000/CLIB.L)
__pback			 : in __MAIN.O	(_build/m68000/CLIB.L)
_DOSINIT		 : in DOSINIT.O	(_build/m68000/CLIB.L)
_STACK_SIZE		 : in _DEFSTK.O	(_build/m68000/CLIB.L)
_HEAP_SIZE		 : in _DEFHEAP.O	(_build/m68000/CLIB.L)
_main			 : in _build/m68000/main.o
_tzset			 : in TZSET.O	(_build/m68000/CLIB.L)
_clock			 : in CLOCKS.O	(_build/m68000/CLIB.L)
_srand			 : in SRAND.O	(_build/m68000/CLIB.L)
_malloc			 : in MALLOC.O	(_build/m68000/CLIB.L)
__getiob		 : in _GETIOB.O	(_build/m68000/CLIB.L)
_exit			 : in EXIT.O	(_build/m68000/CLIB.L)
__exit			 : in _EXIT.O	(_build/m68000/CLIB.L)
_flushall		 : in FLUSHALL.O	(_build/m68000/CLIB.L)
-------------------------- xdef --------------------------
__main			 : 000000b4 (text   )
__stack_over		 : 00000358 (text   )
__fmode			 : 0000198c (stack  )
__liobuf		 : 0000180c (stack  )
__argbuffer		 : 00001990 (stack  )
__argvector		 : 00001b90 (stack  )
__argc			 : 00001804 (stack  )
__argv			 : 00001808 (stack  )
__cmdline		 : 00001800 (stack  )
_environ		 : 000017fc (stack  )
__ENV0			 : 000017f4 (stack  )
__ENV1			 : 000017f8 (stack  )
__PSP			 : 000017c0 (stack  )
__PSTA			 : 000017c4 (stack  )
__PEND			 : 000017c8 (stack  )
__DSTA			 : 000017cc (stack  )
__DEND			 : 000017d0 (stack  )
__BSTA			 : 000017d4 (stack  )
__BEND			 : 000017d8 (stack  )
__SSTA			 : 000017dc (stack  )
__SEND			 : 000017e0 (stack  )
__HSTA			 : 000017e4 (stack  )
__HDEF			 : 000017e8 (stack  )
__HEND			 : 000017ec (stack  )
MALLOCP			 : 000017f0 (stack  )
_daylight		 : 000004e8 (text   )
_timezone		 : 000004ec (text   )
_tzname			 : 000004d8 (text   )
_tzstn			 : 000004e0 (text   )
_tzdtn			 : 000004e4 (text   )
-------------------------- comm --------------------------
_errno			 : 00001380 - 00001383 (00000004)
__doserrno		 : 00001384 - 00001387 (00000004)
startclock		 : 00001388 - 0000138b (00000004)
__iob			 : 0000138c - 0000179b (00000410)
__pback			 : 0000179c - 0000179d (00000002)


==========================================================
CRTMOD.O	(_build/m68000/IOCSLIB.L)
==========================================================
align			 : 00000002
text			 : 00000546 - 0000054f (0000000a)
data			 : 
bss			 : 
stack			 : 
-------------------------- xdef --------------------------
_CRTMOD			 : 00000546 (text   )


==========================================================
TPALET.O	(_build/m68000/IOCSLIB.L)
==========================================================
align			 : 00000002
text			 : 00000550 - 0000055b (0000000c)
data			 : 
bss			 : 
stack			 : 
-------------------------- xdef --------------------------
_TPALET			 : 00000550 (text   )


==========================================================
PUTS.O		(_build/m68000/CLIB.L)
==========================================================
align			 : 00000002
text			 : 0000055c - 00000593 (00000038)
data			 : 
bss			 : 
stack			 : 
-------------------------- xref --------------------------
_fputchar		 : in FPUTCHAR.O	(_build/m68000/CLIB.L)
-------------------------- xdef --------------------------
_puts			 : 0000055c (text   )


==========================================================
FPUTS.O		(_build/m68000/CLIB.L)
==========================================================
align			 : 00000002
text			 : 00000594 - 000005c1 (0000002e)
data			 : 
bss			 : 
stack			 : 
-------------------------- xref --------------------------
_fputc			 : in FPUTC.O	(_build/m68000/CLIB.L)
-------------------------- xdef --------------------------
_fputs			 : 00000594 (text   )


==========================================================
DOS06.O		(_build/m68000/DOSLIB.L)
==========================================================
align			 : 00000002
text			 : 000005c2 - 000005cb (0000000a)
data			 : 
bss			 : 
stack			 : 
-------------------------- xdef --------------------------
_INPOUT			 : 000005c2 (text   )


==========================================================
DOSINIT.O	(_build/m68000/CLIB.L)
==========================================================
align			 : 00000002
text			 : 000005cc - 0000060b (00000040)
data			 : 
bss			 : 
stack			 : 
-------------------------- xdef --------------------------
_DOSINIT		 : 000005cc (text   )


==========================================================
_DEFSTK.O	(_build/m68000/CLIB.L)
==========================================================
align			 : 00000002
text			 : 
data			 : 
bss			 : 
stack			 : 
-------------------------- xdef --------------------------
_STACK_SIZE		 : 00010000 (abs    )


==========================================================
_DEFHEAP.O	(_build/m68000/CLIB.L)
==========================================================
align			 : 00000002
text			 : 
data			 : 
bss			 : 
stack			 : 
-------------------------- xdef --------------------------
_HEAP_SIZE		 : 00010000 (abs    )


==========================================================
TZSET.O		(_build/m68000/CLIB.L)
==========================================================
align			 : 00000002
text			 : 0000060c - 000006b9 (000000ae)
data			 : 
bss			 : 
stack			 : 
-------------------------- xref --------------------------
_getenv			 : in GETENV.O	(_build/m68000/CLIB.L)
_timezone		 : in __MAIN.O	(_build/m68000/CLIB.L)
_daylight		 : in __MAIN.O	(_build/m68000/CLIB.L)
_tzname			 : in __MAIN.O	(_build/m68000/CLIB.L)
-------------------------- xdef --------------------------
_tzset			 : 0000060c (text   )


==========================================================
CLOCKS.O	(_build/m68000/CLIB.L)
==========================================================
align			 : 00000002
text			 : 000006ba - 000006df (00000026)
data			 : 
bss			 : 
stack			 : 
-------------------------- xref --------------------------
startclock		 : in __MAIN.O	(_build/m68000/CLIB.L)
-------------------------- xdef --------------------------
_clock			 : 000006ba (text   )


==========================================================
SRAND.O		(_build/m68000/CLIB.L)
==========================================================
align			 : 00000002
text			 : 000006e0 - 000006eb (0000000c)
data			 : 
bss			 : 
stack			 : 
-------------------------- xref --------------------------
__SRAND			 : in __SRAND.O	(_build/m68000/FLOATFNC.L)
-------------------------- xdef --------------------------
_srand			 : 000006e0 (text   )


==========================================================
MALLOC.O	(_build/m68000/CLIB.L)
==========================================================
align			 : 00000002
text			 : 000006ec - 000007cf (000000e4)
data			 : 
bss			 : 
stack			 : 
-------------------------- xref --------------------------
__HEND			 : in __MAIN.O	(_build/m68000/CLIB.L)
MALLOCP			 : in __MAIN.O	(_build/m68000/CLIB.L)
-------------------------- xdef --------------------------
_malloc			 : 000006f0 (text   )
_getmem			 : 000006ee (text   )
_getml			 : 000006ec (text   )


==========================================================
_GETIOB.O	(_build/m68000/CLIB.L)
==========================================================
align			 : 00000002
text			 : 000007d0 - 00000807 (00000038)
data			 : 
bss			 : 
stack			 : 
-------------------------- xref --------------------------
__iob			 : in __MAIN.O	(_build/m68000/CLIB.L)
_errno			 : in __MAIN.O	(_build/m68000/CLIB.L)
__doserrno		 : in __MAIN.O	(_build/m68000/CLIB.L)
-------------------------- xdef --------------------------
__getiob		 : 000007d0 (text   )


==========================================================
EXIT.O		(_build/m68000/CLIB.L)
==========================================================
align			 : 00000002
text			 : 00000808 - 00000871 (0000006a)
data			 : 
bss			 : 000012c0 - 00001343 (00000084)
stack			 : 
-------------------------- xref --------------------------
_flushall		 : in FLUSHALL.O	(_build/m68000/CLIB.L)
_fcloseall		 : in FCLOSEAL.O	(_build/m68000/CLIB.L)
__exit			 : in _EXIT.O	(_build/m68000/CLIB.L)
-------------------------- xdef --------------------------
_exit			 : 00000808 (text   )
_atexit			 : 00000846 (text   )


==========================================================
_EXIT.O		(_build/m68000/CLIB.L)
==========================================================
align			 : 00000002
text			 : 00000872 - 00000875 (00000004)
data			 : 
bss			 : 
stack			 : 
-------------------------- xdef --------------------------
__exit			 : 00000872 (text   )


==========================================================
FLUSHALL.O	(_build/m68000/CLIB.L)
==========================================================
align			 : 00000002
text			 : 00000876 - 000008b1 (0000003c)
data			 : 
bss			 : 
stack			 : 
-------------------------- xref --------------------------
__iob			 : in __MAIN.O	(_build/m68000/CLIB.L)
__fflush_0		 : in FFLUSH.O	(_build/m68000/CLIB.L)
-------------------------- xdef --------------------------
_flushall		 : 00000876 (text   )


==========================================================
FPUTCHAR.O	(_build/m68000/CLIB.L)
==========================================================
align			 : 00000002
text			 : 000008b2 - 000008c5 (00000014)
data			 : 
bss			 : 
stack			 : 
-------------------------- xref --------------------------
__iob			 : in __MAIN.O	(_build/m68000/CLIB.L)
_fputc			 : in FPUTC.O	(_build/m68000/CLIB.L)
-------------------------- xdef --------------------------
_fputchar		 : 000008b2 (text   )


==========================================================
FPUTC.O		(_build/m68000/CLIB.L)
==========================================================
align			 : 00000002
text			 : 000008c6 - 0000092b (00000066)
data			 : 
bss			 : 
stack			 : 
-------------------------- xref --------------------------
__flsbuf		 : in _FLSBUF.O	(_build/m68000/CLIB.L)
__fflush_0		 : in FFLUSH.O	(_build/m68000/CLIB.L)
-------------------------- xdef --------------------------
_fputc			 : 000008c6 (text   )


==========================================================
GETENV.O	(_build/m68000/CLIB.L)
==========================================================
align			 : 00000002
text			 : 0000092c - 00000961 (00000036)
data			 : 
bss			 : 
stack			 : 
-------------------------- xref --------------------------
_environ		 : in __MAIN.O	(_build/m68000/CLIB.L)
-------------------------- xdef --------------------------
_getenv			 : 0000092c (text   )


==========================================================
__SRAND.O	(_build/m68000/FLOATFNC.L)
==========================================================
align			 : 00000002
text			 : 00000962 - 00000965 (00000004)
data			 : 
bss			 : 
stack			 : 
-------------------------- xdef --------------------------
__SRAND			 : 00000962 (text   )


==========================================================
FCLOSEAL.O	(_build/m68000/CLIB.L)
==========================================================
align			 : 00000002
text			 : 00000966 - 000009a1 (0000003c)
data			 : 
bss			 : 
stack			 : 
-------------------------- xref --------------------------
__iob			 : in __MAIN.O	(_build/m68000/CLIB.L)
_fclose			 : in FCLOSE.O	(_build/m68000/CLIB.L)
-------------------------- xdef --------------------------
_fcloseall		 : 00000966 (text   )


==========================================================
FFLUSH.O	(_build/m68000/CLIB.L)
==========================================================
align			 : 00000002
text			 : 000009a2 - 00000a0b (0000006a)
data			 : 
bss			 : 
stack			 : 
-------------------------- xref --------------------------
_write			 : in WRITE.O	(_build/m68000/CLIB.L)
_flushall		 : in FLUSHALL.O	(_build/m68000/CLIB.L)
-------------------------- xdef --------------------------
_fflush			 : 000009a2 (text   )
__fflush_0		 : 000009b2 (text   )


==========================================================
_FLSBUF.O	(_build/m68000/CLIB.L)
==========================================================
align			 : 00000002
text			 : 00000a0c - 00000a97 (0000008c)
data			 : 
bss			 : 
stack			 : 
-------------------------- xref --------------------------
_write			 : in WRITE.O	(_build/m68000/CLIB.L)
-------------------------- xdef --------------------------
__flsbuf		 : 00000a0c (text   )


==========================================================
FCLOSE.O	(_build/m68000/CLIB.L)
==========================================================
align			 : 00000002
text			 : 00000a98 - 00000bc1 (0000012a)
data			 : 
bss			 : 
stack			 : 
-------------------------- xref --------------------------
_close			 : in CLOSE.O	(_build/m68000/CLIB.L)
_free			 : in FREE.O	(_build/m68000/CLIB.L)
__fflush_0		 : in FFLUSH.O	(_build/m68000/CLIB.L)
__iob			 : in __MAIN.O	(_build/m68000/CLIB.L)
_malloc			 : in MALLOC.O	(_build/m68000/CLIB.L)
_unlink			 : in UNLINK.O	(_build/m68000/CLIB.L)
-------------------------- xdef --------------------------
_fclose			 : 00000a98 (text   )


==========================================================
WRITE.O		(_build/m68000/CLIB.L)
==========================================================
align			 : 00000002
text			 : 00000bc2 - 00000ccb (0000010a)
data			 : 
bss			 : 
stack			 : 
-------------------------- xref --------------------------
__errcnv		 : in _ERRCNV.O	(_build/m68000/CLIB.L)
__fnocnv		 : in OPEN.O	(_build/m68000/CLIB.L)
b_eof_seek_s		 : in OPEN.O	(_build/m68000/CLIB.L)
t_eof_seek_s		 : in OPEN.O	(_build/m68000/CLIB.L)
-------------------------- xdef --------------------------
_write			 : 00000bc2 (text   )


==========================================================
CLOSE.O		(_build/m68000/CLIB.L)
==========================================================
align			 : 00000002
text			 : 00000ccc - 00000d1f (00000054)
data			 : 
bss			 : 
stack			 : 
-------------------------- xref --------------------------
__fnocnv		 : in OPEN.O	(_build/m68000/CLIB.L)
__errcnv		 : in _ERRCNV.O	(_build/m68000/CLIB.L)
-------------------------- xdef --------------------------
_close			 : 00000ccc (text   )


==========================================================
FREE.O		(_build/m68000/CLIB.L)
==========================================================
align			 : 00000002
text			 : 00000d20 - 00000d55 (00000036)
data			 : 
bss			 : 
stack			 : 
-------------------------- xref --------------------------
__HSTA			 : in __MAIN.O	(_build/m68000/CLIB.L)
__HEND			 : in __MAIN.O	(_build/m68000/CLIB.L)
MALLOCP			 : in __MAIN.O	(_build/m68000/CLIB.L)
-------------------------- xdef --------------------------
_free			 : 00000d20 (text   )


==========================================================
UNLINK.O	(_build/m68000/CLIB.L)
==========================================================
align			 : 00000002
text			 : 00000d56 - 00000d63 (0000000e)
data			 : 
bss			 : 
stack			 : 
-------------------------- xref --------------------------
__errcnv		 : in _ERRCNV.O	(_build/m68000/CLIB.L)
-------------------------- xdef --------------------------
_unlink			 : 00000d58 (text   )
_remove			 : 00000d56 (text   )


==========================================================
_ERRCNV.O	(_build/m68000/CLIB.L)
==========================================================
align			 : 00000002
text			 : 00000d64 - 00000dd9 (00000076)
data			 : 
bss			 : 
stack			 : 
-------------------------- xref --------------------------
__doserrno		 : in __MAIN.O	(_build/m68000/CLIB.L)
_errno			 : in __MAIN.O	(_build/m68000/CLIB.L)
-------------------------- xdef --------------------------
__errcnv		 : 00000d64 (text   )


==========================================================
OPEN.O		(_build/m68000/CLIB.L)
==========================================================
align			 : 00000002
text			 : 00000dda - 00000f95 (000001bc)
data			 : 
bss			 : 
stack			 : 
-------------------------- xref --------------------------
__errcnv		 : in _ERRCNV.O	(_build/m68000/CLIB.L)
__liobuf		 : in __MAIN.O	(_build/m68000/CLIB.L)
__fmode			 : in __MAIN.O	(_build/m68000/CLIB.L)
-------------------------- xdef --------------------------
_open			 : 00000dda (text   )
__fnocnv		 : 00000f88 (text   )
b_eof_seek_s		 : 00000f3e (text   )
t_eof_seek_s		 : 00000f4c (text   )
